<testsuites name="results">
  <testsuite name="all" package="all">
    <property name="random_seed" value="1700222780" />
    <testcase name="test_dut" classname="ifc_test" file="/home/dhruv/interfaces-Dhruv6730/tests/ifc_test.py" lineno="42" time="0.11413884162902832" sim_time_ns="4080.001" ratio_time="35745.94714445004" />
  </testsuite>
</testsuites>
